  Γû▓ Next.js 14.2.35

   Creating an optimized production build ...
 Γ£ô Compiled successfully
   Linting and checking validity of types ...
node.exe : 
At C:\Program 
Files\nodejs\npx.ps1:29 
char:3
+   & $NODE_EXE 
$NPX_CLI_JS $args
+   ~~~~~~~~~~~~~~~~~~~~~
~~~~~~~~
    + CategoryInfo       
       : NotSpecified:   
  (:String) [], Remote   
 Exception
    + FullyQualifiedErro 
   rId : NativeCommandE  
  rror
 
Failed to compile.

./app/admin/page.tsx
15:10  Error: 'user' is 
assigned a value but 
never used.  @typescript-
eslint/no-unused-vars

./components/ApertureScen
e.tsx
4:28  Error: 'useThree' 
is defined but never 
used.  @typescript-eslint
/no-unused-vars

./components/SuccessModal
.tsx
92:22  Error: `'` can be 
escaped with `&apos;`, 
`&lsquo;`, `&#39;`, 
`&rsquo;`.  react/no-unes
caped-entities

info  - Need to disable 
some ESLint rules? Learn 
more here: https://nextjs
.org/docs/basic-features/
eslint#disabling-rules
